// Jest Snapshot v1, https://goo.gl/fbAQLP

exports[`royalties base 1`] = `
"contract Test {
  /** ROYALTIES **/

  function royaltyInfo(uint256, uint256 salePrice) external view override
    returns (address receiver, uint256 royaltyAmount)
  {
    return (address(this), (salePrice * 1000) / 10000);
  }

  function supportsInterface(bytes4 interfaceId)
    public
    view
    virtual
    override(ERC721, IERC165)
    returns (bool)
  {
    return (
      interfaceId == type(IERC2981).interfaceId ||
      super.supportsInterface(interfaceId)
    );
  }
}"
`;
